// Jest Snapshot v1, https://goo.gl/fbAQLP

exports[`MovieDetail component MovieDetail snapshot 1`] = `
{
  "asFragment": [Function],
  "baseElement": <body>
    <div>
      <div
        class="movie__detail__container"
      >
        <img
          alt="testTitle"
          class="poster__img"
          src="testPosterPath"
        />
        <div
          class="info"
        >
          <div
            class="main__data"
          >
            <div
              class="title"
            >
              testTitle
            </div>
            <div
              class="rating__container"
            >
              <div
                class="rating"
              >
                0
              </div>
            </div>
          </div>
          <div
            class="genre"
          >
            testGenre1, testGenre2
          </div>
          <div
            class="time__data"
          >
            <div
              class="release "
            >
              2018
            </div>
            <div
              class="runtime"
            >
              10min
            </div>
          </div>
          <div
            class="overview"
          >
            testOverview
          </div>
        </div>
      </div>
    </div>
  </body>,
  "container": <div>
    <div
      class="movie__detail__container"
    >
      <img
        alt="testTitle"
        class="poster__img"
        src="testPosterPath"
      />
      <div
        class="info"
      >
        <div
          class="main__data"
        >
          <div
            class="title"
          >
            testTitle
          </div>
          <div
            class="rating__container"
          >
            <div
              class="rating"
            >
              0
            </div>
          </div>
        </div>
        <div
          class="genre"
        >
          testGenre1, testGenre2
        </div>
        <div
          class="time__data"
        >
          <div
            class="release "
          >
            2018
          </div>
          <div
            class="runtime"
          >
            10min
          </div>
        </div>
        <div
          class="overview"
        >
          testOverview
        </div>
      </div>
    </div>
  </div>,
  "debug": [Function],
  "findAllByAltText": [Function],
  "findAllByDisplayValue": [Function],
  "findAllByLabelText": [Function],
  "findAllByPlaceholderText": [Function],
  "findAllByRole": [Function],
  "findAllByTestId": [Function],
  "findAllByText": [Function],
  "findAllByTitle": [Function],
  "findByAltText": [Function],
  "findByDisplayValue": [Function],
  "findByLabelText": [Function],
  "findByPlaceholderText": [Function],
  "findByRole": [Function],
  "findByTestId": [Function],
  "findByText": [Function],
  "findByTitle": [Function],
  "getAllByAltText": [Function],
  "getAllByDisplayValue": [Function],
  "getAllByLabelText": [Function],
  "getAllByPlaceholderText": [Function],
  "getAllByRole": [Function],
  "getAllByTestId": [Function],
  "getAllByText": [Function],
  "getAllByTitle": [Function],
  "getByAltText": [Function],
  "getByDisplayValue": [Function],
  "getByLabelText": [Function],
  "getByPlaceholderText": [Function],
  "getByRole": [Function],
  "getByTestId": [Function],
  "getByText": [Function],
  "getByTitle": [Function],
  "queryAllByAltText": [Function],
  "queryAllByDisplayValue": [Function],
  "queryAllByLabelText": [Function],
  "queryAllByPlaceholderText": [Function],
  "queryAllByRole": [Function],
  "queryAllByTestId": [Function],
  "queryAllByText": [Function],
  "queryAllByTitle": [Function],
  "queryByAltText": [Function],
  "queryByDisplayValue": [Function],
  "queryByLabelText": [Function],
  "queryByPlaceholderText": [Function],
  "queryByRole": [Function],
  "queryByTestId": [Function],
  "queryByText": [Function],
  "queryByTitle": [Function],
  "rerender": [Function],
  "unmount": [Function],
}
`;
